As we don’t support indented code, lists can be indented some more.

*   You can start lists with extra indentation…
    …and continue them without indentation.
*   Part of the current list
    *   Nested!
*   Or more:
    *   Also nested!
