# JSX ðŸ’™ Markdown

Note that code is weird, itâ€™s checked in another fixture.

## Block

### Paragraph

<X>Block and <y>inline</y>, <z/>, {1 + 1}.</X>

### Heading<x/>

<X>###### heading</X>

### Block quote

<X>> a block quote!</X>

> <x>A</x> block quote.

### List

*   <X>Item <y>inline</y></X>
*   <X>{1 + 1}</X>

### Table

<X>
  | # | Nato                                |
  | - | ----------------------------------- |
  | 1 | Alpha <note>sometimes *Alfa*</note> |
  | 2 | Bravo                               |
</X>

### Fenced code

See elsewhere!

### Indented code

See elsewhere!

### Definition

N/A.

## Span

### Emphasis, strong, delete

You can mix and match *<x>emphasis, **strong**, and ~~deletions~~</x>*.

### Code span

See elsewhere!

### Break

N/A.

### References

[<x>links</x>](#), <y>![images](#)</y>, even [<z>![an image in jsx in
links](#)</z>](#), or [<>{"references"}</>][x].

[x]: <>
