Hereâ€™s a sum: `1 + 1` equals <>{1 + 1}</>.

Welcome: <div>Hello, world</div>!

OR as an expression: <div>Hello, {formatName(user)}!</div>.

Attributes: <div tabIndex="0"/>

Attribute value expressions: <img src={user.avatarUrl}/>.

Attribute expressions: <div {...props}/>

Self-closing elements: <img/>

Multiple elements: <div>
<h1>Hello!</h1>
<h2>Good to see you here.</h2>
</div>.
