// Jest Snapshot v1, https://goo.gl/fbAQLP

exports[`it loads markdown and returns a component 1`] = `
"'use strict';

Object.defineProperty(exports, \\"__esModule\\", {
  value: true
});

var _react = require('react');

var _react2 = _interopRequireDefault(_react);

var _tag = require('@mdx-js/tag');

function _interopRequireDefault(obj) { return obj && obj.__esModule ? obj : { default: obj }; }

exports.default = function (_ref) {
  var components = _ref.components;
  return _react2.default.createElement(
    _tag.MDXTag,
    { name: 'wrapper' },
    _react2.default.createElement(
      _tag.MDXTag,
      { name: 'h1', components: components },
      'Hello, world!'
    )
  );
};"
`;
