// Jest Snapshot v1, https://goo.gl/fbAQLP

exports[`removes imports 1`] = `
"export default props => <div {...props} />

# Hello, world!

This is a paragraph

\`\`\`js
const foo = 'bar'
\`\`\`
"
`;
