// Jest Snapshot v1, https://goo.gl/fbAQLP

exports[`it parses a file 1`] = `
"import {
  Foo,
  Bar
} from './ui'
import Baz from './ui/baz'
import FooBar from './ui/foo-bar'
<h1>Hello, world!</h1>
<p>I'm an awesome paragraph.</p>
&#x3C;Foo bg='red'>
  &#x3C;Bar />
  {props.hello}
&#x3C;/Foo>
<h3>An inline image</h3>
<p><a href=\\"https://c8r-x0.s3.amazonaws.com/lab-components-macbook.jpg\\">https://c8r-x0.s3.amazonaws.com/lab-components-macbook.jpg</a></p>
<h3>Shopping list</h3>
<ul>
<li>Apples</li>
<li>Bananas</li>
<li>Oranges</li>
</ul>"
`;
